******************************************************************************
            TI ARM Clang Linker PC v4.0.4                      
******************************************************************************
>> Linked Tue Jan 20 15:45:17 2026

OUTPUT FILE NAME:   <Winter_Camp_Training_Project1.out>
ENTRY POINT SYMBOL: "_c_int00_noargs"  address: 000026a1


MEMORY CONFIGURATION

         name            origin    length      used     unused   attr    fill
----------------------  --------  ---------  --------  --------  ----  --------
  FLASH                 00000000   00020000  00002b08  0001d4f8  R  X
  SRAM                  20200000   00008000  0000032a  00007cd6  RW X
  BCR_CONFIG            41c00000   000000ff  00000000  000000ff  R   
  BSL_CONFIG            41c00100   00000080  00000000  00000080  R   


SEGMENT ALLOCATION MAP

run origin  load origin   length   init length attrs members
----------  ----------- ---------- ----------- ----- -------
00000000    00000000    000028d8   000028d8    r-x
  00000000    00000000    000000c0   000000c0    r-- .intvecs
  000000c0    000000c0    00002818   00002818    r-x .text
000028e0    000028e0    00000230   00000230    r--
  000028e0    000028e0    00000200   00000200    r-- .rodata
  00002ae0    00002ae0    00000030   00000030    r-- .cinit
20200000    20200000    0000012a   00000000    rw-
  20200000    20200000    00000120   00000000    rw- .bss
  20200120    20200120    0000000a   00000000    rw- .data
20207e00    20207e00    00000200   00000000    rw-
  20207e00    20207e00    00000200   00000000    rw- .stack


SECTION ALLOCATION MAP

 output                                  attributes/
section   page    origin      length       input sections
--------  ----  ----------  ----------   ----------------
.intvecs   0    00000000    000000c0     
                  00000000    000000c0     startup_mspm0g350x_ticlang.o (.intvecs)

.text      0    000000c0    00002818     
                  000000c0    000009d0     libc.a : _printfi.c.obj (.text:__TI_printfi)
                  00000a90    00000220            : _printfi.c.obj (.text._pconv_a)
                  00000cb0    000001dc            : _printfi.c.obj (.text._pconv_g)
                  00000e8c    00000192     libclang_rt.builtins.a : adddf3.S.obj (.text.adddf3_subdf3)
                  0000101e    00000002     startup_mspm0g350x_ticlang.o (.text.Default_Handler)
                  00001020    0000013c     libc.a : _printfi.c.obj (.text.fcvt)
                  0000115c    00000120            : _printfi.c.obj (.text._pconv_e)
                  0000127c    0000010c     libclang_rt.builtins.a : divdf3.S.obj (.text.__divdf3)
                  00001388    000000fc     driverlib.a : dl_timer.o (.text.DL_Timer_initTimerMode)
                  00001484    000000e4     libclang_rt.builtins.a : muldf3.S.obj (.text.__muldf3)
                  00001568    000000dc     driverlib.a : dl_sysctl_mspm0g1x0x_g3x0x.o (.text.DL_SYSCTL_configSYSPLL)
                  00001644    000000d8     libc.a : s_scalbn.c.obj (.text.scalbn)
                  0000171c    000000b4     fun.o (.text.LED_Debug)
                  000017d0    000000a8     ti_msp_dl_config.o (.text.SYSCFG_DL_SYSCTL_init)
                  00001878    000000a2     libclang_rt.builtins.a : udivmoddi4.S.obj (.text)
                  0000191a    00000002                            : aeabi_div0.c.obj (.text.__aeabi_idiv0)
                  0000191c    0000009c     ti_msp_dl_config.o (.text.SYSCFG_DL_SYSCTL_SYSPLL_init)
                  000019b8    0000009a     libc.a : memcpy16.S.obj (.text:memcpy)
                  00001a52    00000002     libclang_rt.builtins.a : aeabi_div0.c.obj (.text.__aeabi_ldiv0)
                  00001a54    00000094     ti_msp_dl_config.o (.text.SYSCFG_DL_UART_0_init)
                  00001ae8    00000088     driverlib.a : dl_dac12.o (.text.DL_DAC12_init)
                  00001b70    0000007c     libc.a : copy_decompress_lzss.c.obj (.text:decompress:lzss)
                  00001bec    00000074     libclang_rt.builtins.a : comparedf2.c.obj (.text.__gedf2)
                  00001c60    00000070     ti_msp_dl_config.o (.text.SYSCFG_DL_ADC12_0_init)
                  00001cd0    00000070     ti_msp_dl_config.o (.text.SYSCFG_DL_COMP_0_init)
                  00001d40    00000070     ti_msp_dl_config.o (.text.SYSCFG_DL_initPower)
                  00001db0    00000068     libclang_rt.builtins.a : comparedf2.c.obj (.text.__ledf2)
                  00001e18    00000066     libc.a : _printfi.c.obj (.text._mcpy)
                  00001e7e    00000002     --HOLE-- [fill = 0]
                  00001e80    00000062     libclang_rt.builtins.a : aeabi_dcmp.S.obj (.text.__aeabi_dcmp)
                  00001ee2    00000062     libc.a : memset16.S.obj (.text:memset)
                  00001f44    00000060     driverlib.a : dl_timer.o (.text.DL_Timer_initCaptureTriggerMode)
                  00001fa4    00000060     proc.o (.text.uart_send_cmd)
                  00002004    0000005c     libc.a : s_frexp.c.obj (.text.frexp)
                  00002060    00000058            : _ltoa.c.obj (.text.__TI_ltoa)
                  000020b8    00000058            : _printfi.c.obj (.text._pconv_f)
                  00002110    00000056     libclang_rt.builtins.a : aeabi_idivmod.S.obj (.text.__aeabi_idivmod)
                  00002166    00000052     libc.a : _printfi.c.obj (.text._ecpy)
                  000021b8    00000050     ti_msp_dl_config.o (.text.SYSCFG_DL_CAPTURE_0_init)
                  00002208    0000004c     driverlib.a : dl_dma.o (.text.DL_DMA_initChannel)
                  00002254    0000004a     libclang_rt.builtins.a : fixdfsi.S.obj (.text.__fixdfsi)
                  0000229e    00000002     --HOLE-- [fill = 0]
                  000022a0    00000048     driverlib.a : dl_uart.o (.text.DL_UART_init)
                  000022e8    00000044                 : dl_sysctl_mspm0g1x0x_g3x0x.o (.text.DL_SYSCTL_switchMCLKfromSYSOSCtoHSCLK)
                  0000232c    00000044     ti_msp_dl_config.o (.text.SYSCFG_DL_TIMER_0_init)
                  00002370    00000044     cmsis_dsp_empty.o (.text.main)
                  000023b4    00000040     driverlib.a : dl_adc12.o (.text.DL_ADC12_setClockConfig)
                  000023f4    00000040     libclang_rt.builtins.a : aeabi_uidivmod.S.obj (.text.__aeabi_uidivmod)
                  00002434    00000040     libc.a : atoi.c.obj (.text.atoi)
                  00002474    00000040            : vsnprintf.c.obj (.text.vsnprintf)
                  000024b4    0000003c            : autoinit.c.obj (.text:__TI_auto_init_nobinit_nopinit)
                  000024f0    0000003a     libclang_rt.builtins.a : muldsi3.S.obj (.text.__muldsi3)
                  0000252a    00000002     --HOLE-- [fill = 0]
                  0000252c    00000038     ti_msp_dl_config.o (.text.SYSCFG_DL_init)
                  00002564    00000030     cmsis_dsp_empty.o (.text.UART0_IRQHandler)
                  00002594    00000030     libc.a : _printfi.c.obj (.text._fcpy)
                  000025c4    00000030            : vsnprintf.c.obj (.text._outs)
                  000025f4    0000002c     VCA810.o (.text.VCA810_Init)
                  00002620    0000002c     VCA810.o (.text.VCA810_SetVoltage_mV)
                  0000264c    0000002c     libclang_rt.builtins.a : floatsidf.S.obj (.text.__floatsidf)
                  00002678    00000028     ti_msp_dl_config.o (.text.SYSCFG_DL_DMA_CH0_init)
                  000026a0    00000028     libc.a : boot_cortex_m.c.obj (.text:_c_int00_noargs)
                  000026c8    00000024     ti_msp_dl_config.o (.text.SYSCFG_DL_DAC12_init)
                  000026ec    00000024     ti_msp_dl_config.o (.text.SYSCFG_DL_GPIO_init)
                  00002710    00000024     libclang_rt.builtins.a : muldi3.S.obj (.text.__muldi3)
                  00002734    00000022     libc.a : memccpy.c.obj (.text.memccpy)
                  00002756    00000002     --HOLE-- [fill = 0]
                  00002758    00000020     ti_msp_dl_config.o (.text.SYSCFG_DL_DMA_CH1_init)
                  00002778    0000001e     libclang_rt.builtins.a : ashldi3.S.obj (.text.__ashldi3)
                  00002796    00000002     --HOLE-- [fill = 0]
                  00002798    0000001c     driverlib.a : dl_sysctl_mspm0g1x0x_g3x0x.o (.text.DL_SYSCTL_configFCC)
                  000027b4    0000001c                 : dl_timer.o (.text.DL_Timer_setClockConfig)
                  000027d0    00000018     libc.a : vsnprintf.c.obj (.text._outc)
                  000027e8    00000016            : copy_zero_init.c.obj (.text:decompress:ZI:__TI_zero_init_nomemset)
                  000027fe    00000002     --HOLE-- [fill = 0]
                  00002800    00000014     libclang_rt.builtins.a : aeabi_uldivmod.S.obj (.text.__aeabi_uldivmod)
                  00002814    00000014     libc.a : _printfi.c.obj (.text.strchr)
                  00002828    00000012     driverlib.a : dl_uart.o (.text.DL_UART_setClockConfig)
                  0000283a    00000012     libc.a : copy_decompress_none.c.obj (.text:decompress:none)
                  0000284c    00000010            : wcslen.c.obj (.text.wcslen)
                  0000285c    0000000e     libclang_rt.builtins.a : aeabi_memset.S.obj (.text.__aeabi_memset)
                  0000286a    0000000e     libc.a : _printfi.c.obj (.text.strlen)
                  00002878    0000000c     ti_msp_dl_config.o (.text.SYSCFG_DL_DMA_init)
                  00002884    0000000a     driverlib.a : dl_common.o (.text.DL_Common_delayCycles)
                  0000288e    0000000a     libc.a : _printfi.c.obj (.text.OUTLINED_FUNCTION_0)
                  00002898    00000010     libclang_rt.builtins.a : adddf3.S.obj (.tramp.__aeabi_dsub.1)
                  000028a8    0000000a     libc.a : _printfi.c.obj (.text.OUTLINED_FUNCTION_1)
                  000028b2    00000002     --HOLE-- [fill = 0]
                  000028b4    00000008            : aeabi_portable.c.obj (.text.__aeabi_errno_addr)
                  000028bc    00000008     libclang_rt.builtins.a : aeabi_memcpy.S.obj (.text.__aeabi_memcpy)
                  000028c4    00000006     libc.a : exit.c.obj (.text:abort)
                  000028ca    00000004     libsysbm.a : hostexit.c.obj (.text.HOSTexit)
                  000028ce    00000004     startup_mspm0g350x_ticlang.o (.text.Reset_Handler)
                  000028d2    00000004     libc.a : pre_init.c.obj (.text._system_pre_init)
                  000028d6    00000002     --HOLE-- [fill = 0]

.cinit     0    00002ae0    00000030     
                  00002ae0    0000000c     (__TI_handler_table)
                  00002aec    0000000b     (.cinit..data.load) [load image, compression = lzss]
                  00002af7    00000001     --HOLE-- [fill = 0]
                  00002af8    00000008     (.cinit..bss.load) [load image, compression = zero_init]
                  00002b00    00000010     (__TI_cinit_table)

.rodata    0    000028e0    00000200     
                  000028e0    00000101     libc.a : aeabi_ctype.S.obj (.rodata:__aeabi_ctype_table_)
                  000029e1    00000003     ti_msp_dl_config.o (.rodata.gCAPTURE_0ClockConfig)
                  000029e4    00000028     ti_msp_dl_config.o (.rodata.gSYSPLLConfig)
                  00002a0c    00000020     ti_msp_dl_config.o (.rodata.gDAC12Config)
                  00002a2c    00000018     ti_msp_dl_config.o (.rodata.gDMA_CH0Config)
                  00002a44    00000018     ti_msp_dl_config.o (.rodata.gDMA_CH1Config)
                  00002a5c    00000015     cmsis_dsp_empty.o (.rodata.str1.11333919468647458723.1)
                  00002a71    00000003     ti_msp_dl_config.o (.rodata.gTIMER_0ClockConfig)
                  00002a74    00000014     ti_msp_dl_config.o (.rodata.gTIMER_0TimerConfig)
                  00002a88    00000011     libc.a : _printfi.c.obj (.rodata.str1.10348868589481759720.1)
                  00002a99    00000011            : _printfi.c.obj (.rodata.str1.15363888844622738466.1)
                  00002aaa    00000002     ti_msp_dl_config.o (.rodata.gUART_0ClockConfig)
                  00002aac    0000000c     driverlib.a : dl_timer.o (.rodata..Lswitch.table.DL_Timer_initCaptureTriggerMode)
                  00002ab8    0000000c     ti_msp_dl_config.o (.rodata.gCAPTURE_0CaptureConfig)
                  00002ac4    0000000a     ti_msp_dl_config.o (.rodata.gUART_0Config)
                  00002ace    00000002     --HOLE-- [fill = 0]
                  00002ad0    00000008     ti_msp_dl_config.o (.rodata.gADC12_0ClockConfig)
                  00002ad8    00000008     --HOLE-- [fill = 0]

.init_array 
*          0    00000000    00000000     UNINITIALIZED

.binit     0    00000000    00000000     

.bss       0    20200000    00000120     UNINITIALIZED
                  20200000    000000bc     (.common:gCAPTURE_0Backup)
                  202000bc    00000064     (.common:uart_send_buff)

.data      0    20200120    0000000a     UNINITIALIZED
                  20200120    00000004     libc.a : aeabi_portable.c.obj (.data.__aeabi_errno)
                  20200124    00000004     VCA810.o (.data.s_current_factor)
                  20200128    00000001     proc.o (.data.uart_tx_complete_flag)
                  20200129    00000001     proc.o (.data.uart_tx_dma_complete_flag)

.stack     0    20207e00    00000200     UNINITIALIZED
                  20207e00    00000004     libc.a : boot_cortex_m.c.obj (.stack)
                  20207e04    000001fc     --HOLE--

__llvm_prf_cnts 
*          0    20200000    00000000     UNINITIALIZED

__llvm_prf_bits 
*          0    20200000    00000000     UNINITIALIZED

MODULE SUMMARY

       Module                         code    ro data   rw data
       ------                         ----    -------   -------
    .\
       ti_msp_dl_config.o             1168    178       188    
       startup_mspm0g350x_ticlang.o   6       192       0      
       cmsis_dsp_empty.o              116     21        0      
    +--+------------------------------+-------+---------+---------+
       Total:                         1290    391       188    
                                                               
    .\driver\
       proc.o                         96      0         102    
       fun.o                          180     0         0      
       VCA810.o                       88      0         4      
    +--+------------------------------+-------+---------+---------+
       Total:                         364     0         106    
                                                               
    D:/ti/mspm0_sdk_2_09_00_01/source/ti/driverlib/lib/ticlang/m0p/mspm0g1x0x_g3x0x/driverlib.a
       dl_timer.o                     376     12        0      
       dl_sysctl_mspm0g1x0x_g3x0x.o   316     0         0      
       dl_dac12.o                     136     0         0      
       dl_uart.o                      90      0         0      
       dl_dma.o                       76      0         0      
       dl_adc12.o                     64      0         0      
       dl_common.o                    10      0         0      
    +--+------------------------------+-------+---------+---------+
       Total:                         1068    12        0      
                                                               
    D:\ti\ccs2040\ccs\tools\compiler\ti-cgt-armllvm_4.0.4.LTS\lib\armv6m-ti-none-eabi/c/libc.a
       _printfi.c.obj                 4510    34        0      
       aeabi_ctype.S.obj              0       257       0      
       s_scalbn.c.obj                 216     0         0      
       memcpy16.S.obj                 154     0         0      
       vsnprintf.c.obj                136     0         0      
       copy_decompress_lzss.c.obj     124     0         0      
       memset16.S.obj                 98      0         0      
       s_frexp.c.obj                  92      0         0      
       _ltoa.c.obj                    88      0         0      
       atoi.c.obj                     64      0         0      
       autoinit.c.obj                 60      0         0      
       boot_cortex_m.c.obj            40      0         0      
       memccpy.c.obj                  34      0         0      
       copy_zero_init.c.obj           22      0         0      
       copy_decompress_none.c.obj     18      0         0      
       wcslen.c.obj                   16      0         0      
       aeabi_portable.c.obj           8       0         4      
       exit.c.obj                     6       0         0      
       pre_init.c.obj                 4       0         0      
    +--+------------------------------+-------+---------+---------+
       Total:                         5690    291       4      
                                                               
    D:\ti\ccs2040\ccs\tools\compiler\ti-cgt-armllvm_4.0.4.LTS\lib\armv6m-ti-none-eabi/c/libsysbm.a
       hostexit.c.obj                 4       0         0      
    +--+------------------------------+-------+---------+---------+
       Total:                         4       0         0      
                                                               
    D:\ti\ccs2040\ccs\tools\compiler\ti-cgt-armllvm_4.0.4.LTS\lib\armv6m-ti-none-eabi/libclang_rt.builtins.a
       adddf3.S.obj                   418     0         0      
       divdf3.S.obj                   268     0         0      
       muldf3.S.obj                   228     0         0      
       comparedf2.c.obj               220     0         0      
       udivmoddi4.S.obj               162     0         0      
       aeabi_dcmp.S.obj               98      0         0      
       aeabi_idivmod.S.obj            86      0         0      
       fixdfsi.S.obj                  74      0         0      
       aeabi_uidivmod.S.obj           64      0         0      
       muldsi3.S.obj                  58      0         0      
       floatsidf.S.obj                44      0         0      
       muldi3.S.obj                   36      0         0      
       ashldi3.S.obj                  30      0         0      
       aeabi_uldivmod.S.obj           20      0         0      
       aeabi_memset.S.obj             14      0         0      
       aeabi_memcpy.S.obj             8       0         0      
       aeabi_div0.c.obj               4       0         0      
    +--+------------------------------+-------+---------+---------+
       Total:                         1832    0         0      
                                                               
       Stack:                         0       0         512    
       Linker Generated:              0       47        0      
    +--+------------------------------+-------+---------+---------+
       Grand Total:                   10248   741       810    


LINKER GENERATED COPY TABLES

__TI_cinit_table @ 00002b00 records: 2, size/record: 8, table size: 16
	.data: load addr=00002aec, load size=0000000b bytes, run addr=20200120, run size=0000000a bytes, compression=lzss
	.bss: load addr=00002af8, load size=00000008 bytes, run addr=20200000, run size=00000120 bytes, compression=zero_init


LINKER GENERATED HANDLER TABLE

__TI_handler_table @ 00002ae0 records: 3, size/record: 4, table size: 12
	index: 0, handler: __TI_decompress_lzss
	index: 1, handler: __TI_decompress_none
	index: 2, handler: __TI_zero_init


FAR CALL TRAMPOLINES

callee name               trampoline name
   callee addr  tramp addr   call addr  call info
--------------  -----------  ---------  ----------------
__aeabi_dsub              $Tramp$TT$L$PI$$__aeabi_dsub
   00000e8d     00002898     00002896   libc.a : _printfi.c.obj (.text.OUTLINED_FUNCTION_0)

[1 trampolines]
[1 trampoline calls]


GLOBAL SYMBOLS: SORTED ALPHABETICALLY BY Name 

address   name                                 
-------   ----                                 
0000101f  ADC0_IRQHandler                      
0000101f  ADC1_IRQHandler                      
0000101f  AES_IRQHandler                       
000028ca  C$$EXIT                              
0000101f  CANFD0_IRQHandler                    
0000101f  DAC0_IRQHandler                      
000023b5  DL_ADC12_setClockConfig              
00002885  DL_Common_delayCycles                
00001ae9  DL_DAC12_init                        
00002209  DL_DMA_initChannel                   
00002799  DL_SYSCTL_configFCC                  
00001569  DL_SYSCTL_configSYSPLL               
000022e9  DL_SYSCTL_switchMCLKfromSYSOSCtoHSCLK
00001f45  DL_Timer_initCaptureTriggerMode      
00001389  DL_Timer_initTimerMode               
000027b5  DL_Timer_setClockConfig              
000022a1  DL_UART_init                         
00002829  DL_UART_setClockConfig               
0000101f  DMA_IRQHandler                       
0000101f  Default_Handler                      
0000101f  GROUP0_IRQHandler                    
0000101f  GROUP1_IRQHandler                    
000028cb  HOSTexit                             
0000101f  HardFault_Handler                    
0000101f  I2C0_IRQHandler                      
0000101f  I2C1_IRQHandler                      
0000171d  LED_Debug                            
0000101f  NMI_Handler                          
0000101f  PendSV_Handler                       
0000101f  RTC_IRQHandler                       
000028cf  Reset_Handler                        
0000101f  SPI0_IRQHandler                      
0000101f  SPI1_IRQHandler                      
0000101f  SVC_Handler                          
00001c61  SYSCFG_DL_ADC12_0_init               
000021b9  SYSCFG_DL_CAPTURE_0_init             
00001cd1  SYSCFG_DL_COMP_0_init                
000026c9  SYSCFG_DL_DAC12_init                 
00002679  SYSCFG_DL_DMA_CH0_init               
00002759  SYSCFG_DL_DMA_CH1_init               
00002879  SYSCFG_DL_DMA_init                   
000026ed  SYSCFG_DL_GPIO_init                  
0000191d  SYSCFG_DL_SYSCTL_SYSPLL_init         
000017d1  SYSCFG_DL_SYSCTL_init                
0000232d  SYSCFG_DL_TIMER_0_init               
00001a55  SYSCFG_DL_UART_0_init                
0000252d  SYSCFG_DL_init                       
00001d41  SYSCFG_DL_initPower                  
0000101f  SysTick_Handler                      
0000101f  TIMA0_IRQHandler                     
0000101f  TIMA1_IRQHandler                     
0000101f  TIMG0_IRQHandler                     
0000101f  TIMG12_IRQHandler                    
0000101f  TIMG6_IRQHandler                     
0000101f  TIMG7_IRQHandler                     
0000101f  TIMG8_IRQHandler                     
00002565  UART0_IRQHandler                     
0000101f  UART1_IRQHandler                     
0000101f  UART2_IRQHandler                     
0000101f  UART3_IRQHandler                     
000025f5  VCA810_Init                          
00002621  VCA810_SetVoltage_mV                 
20208000  __STACK_END                          
00000200  __STACK_SIZE                         
00000000  __TI_ATRegion0_region_sz             
00000000  __TI_ATRegion0_src_addr              
00000000  __TI_ATRegion0_trg_addr              
00000000  __TI_ATRegion1_region_sz             
00000000  __TI_ATRegion1_src_addr              
00000000  __TI_ATRegion1_trg_addr              
00000000  __TI_ATRegion2_region_sz             
00000000  __TI_ATRegion2_src_addr              
00000000  __TI_ATRegion2_trg_addr              
00002b00  __TI_CINIT_Base                      
00002b10  __TI_CINIT_Limit                     
00002b10  __TI_CINIT_Warm                      
00002ae0  __TI_Handler_Table_Base              
00002aec  __TI_Handler_Table_Limit             
000024b5  __TI_auto_init_nobinit_nopinit       
00001b71  __TI_decompress_lzss                 
0000283b  __TI_decompress_none                 
00002061  __TI_ltoa                            
ffffffff  __TI_pprof_out_hndl                  
000000c1  __TI_printfi                         
ffffffff  __TI_prof_data_size                  
ffffffff  __TI_prof_data_start                 
00000000  __TI_static_base__                   
000027e9  __TI_zero_init_nomemset              
00000e97  __adddf3                             
000028e0  __aeabi_ctype_table_                 
000028e0  __aeabi_ctype_table_C                
00002255  __aeabi_d2iz                         
00000e97  __aeabi_dadd                         
00001e81  __aeabi_dcmpeq                       
00001ebd  __aeabi_dcmpge                       
00001ed1  __aeabi_dcmpgt                       
00001ea9  __aeabi_dcmple                       
00001e95  __aeabi_dcmplt                       
0000127d  __aeabi_ddiv                         
00001485  __aeabi_dmul                         
00000e8d  __aeabi_dsub                         
20200120  __aeabi_errno                        
000028b5  __aeabi_errno_addr                   
0000264d  __aeabi_i2d                          
00002111  __aeabi_idiv                         
0000191b  __aeabi_idiv0                        
00002111  __aeabi_idivmod                      
00001a53  __aeabi_ldiv0                        
00002779  __aeabi_llsl                         
00002711  __aeabi_lmul                         
000028bd  __aeabi_memcpy                       
000028bd  __aeabi_memcpy4                      
000028bd  __aeabi_memcpy8                      
0000285d  __aeabi_memset                       
0000285d  __aeabi_memset4                      
0000285d  __aeabi_memset8                      
000023f5  __aeabi_uidiv                        
000023f5  __aeabi_uidivmod                     
00002801  __aeabi_uldivmod                     
00002779  __ashldi3                            
ffffffff  __binit__                            
00001db1  __cmpdf2                             
0000127d  __divdf3                             
00001db1  __eqdf2                              
00002255  __fixdfsi                            
0000264d  __floatsidf                          
00001bed  __gedf2                              
00001bed  __gtdf2                              
00001db1  __ledf2                              
00001db1  __ltdf2                              
UNDEFED   __mpu_init                           
00001485  __muldf3                             
00002711  __muldi3                             
000024f1  __muldsi3                            
00001db1  __nedf2                              
20207e00  __stack                              
20200000  __start___llvm_prf_bits              
20200000  __start___llvm_prf_cnts              
20200000  __stop___llvm_prf_bits               
20200000  __stop___llvm_prf_cnts               
00000e8d  __subdf3                             
00001879  __udivmoddi4                         
000026a1  _c_int00_noargs                      
UNDEFED   _system_post_cinit                   
000028d3  _system_pre_init                     
000028c5  abort                                
00002435  atoi                                 
ffffffff  binit                                
00002005  frexp                                
00002005  frexpl                               
20200000  gCAPTURE_0Backup                     
00000000  interruptVectors                     
00001645  ldexp                                
00001645  ldexpl                               
00002371  main                                 
00002735  memccpy                              
000019b9  memcpy                               
00001ee3  memset                               
00001645  scalbn                               
00001645  scalbnl                              
202000bc  uart_send_buff                       
00001fa5  uart_send_cmd                        
20200128  uart_tx_complete_flag                
20200129  uart_tx_dma_complete_flag            
00002475  vsnprintf                            
0000284d  wcslen                               


GLOBAL SYMBOLS: SORTED BY Symbol Address 

address   name                                 
-------   ----                                 
00000000  __TI_ATRegion0_region_sz             
00000000  __TI_ATRegion0_src_addr              
00000000  __TI_ATRegion0_trg_addr              
00000000  __TI_ATRegion1_region_sz             
00000000  __TI_ATRegion1_src_addr              
00000000  __TI_ATRegion1_trg_addr              
00000000  __TI_ATRegion2_region_sz             
00000000  __TI_ATRegion2_src_addr              
00000000  __TI_ATRegion2_trg_addr              
00000000  __TI_static_base__                   
00000000  interruptVectors                     
000000c1  __TI_printfi                         
00000200  __STACK_SIZE                         
00000e8d  __aeabi_dsub                         
00000e8d  __subdf3                             
00000e97  __adddf3                             
00000e97  __aeabi_dadd                         
0000101f  ADC0_IRQHandler                      
0000101f  ADC1_IRQHandler                      
0000101f  AES_IRQHandler                       
0000101f  CANFD0_IRQHandler                    
0000101f  DAC0_IRQHandler                      
0000101f  DMA_IRQHandler                       
0000101f  Default_Handler                      
0000101f  GROUP0_IRQHandler                    
0000101f  GROUP1_IRQHandler                    
0000101f  HardFault_Handler                    
0000101f  I2C0_IRQHandler                      
0000101f  I2C1_IRQHandler                      
0000101f  NMI_Handler                          
0000101f  PendSV_Handler                       
0000101f  RTC_IRQHandler                       
0000101f  SPI0_IRQHandler                      
0000101f  SPI1_IRQHandler                      
0000101f  SVC_Handler                          
0000101f  SysTick_Handler                      
0000101f  TIMA0_IRQHandler                     
0000101f  TIMA1_IRQHandler                     
0000101f  TIMG0_IRQHandler                     
0000101f  TIMG12_IRQHandler                    
0000101f  TIMG6_IRQHandler                     
0000101f  TIMG7_IRQHandler                     
0000101f  TIMG8_IRQHandler                     
0000101f  UART1_IRQHandler                     
0000101f  UART2_IRQHandler                     
0000101f  UART3_IRQHandler                     
0000127d  __aeabi_ddiv                         
0000127d  __divdf3                             
00001389  DL_Timer_initTimerMode               
00001485  __aeabi_dmul                         
00001485  __muldf3                             
00001569  DL_SYSCTL_configSYSPLL               
00001645  ldexp                                
00001645  ldexpl                               
00001645  scalbn                               
00001645  scalbnl                              
0000171d  LED_Debug                            
000017d1  SYSCFG_DL_SYSCTL_init                
00001879  __udivmoddi4                         
0000191b  __aeabi_idiv0                        
0000191d  SYSCFG_DL_SYSCTL_SYSPLL_init         
000019b9  memcpy                               
00001a53  __aeabi_ldiv0                        
00001a55  SYSCFG_DL_UART_0_init                
00001ae9  DL_DAC12_init                        
00001b71  __TI_decompress_lzss                 
00001bed  __gedf2                              
00001bed  __gtdf2                              
00001c61  SYSCFG_DL_ADC12_0_init               
00001cd1  SYSCFG_DL_COMP_0_init                
00001d41  SYSCFG_DL_initPower                  
00001db1  __cmpdf2                             
00001db1  __eqdf2                              
00001db1  __ledf2                              
00001db1  __ltdf2                              
00001db1  __nedf2                              
00001e81  __aeabi_dcmpeq                       
00001e95  __aeabi_dcmplt                       
00001ea9  __aeabi_dcmple                       
00001ebd  __aeabi_dcmpge                       
00001ed1  __aeabi_dcmpgt                       
00001ee3  memset                               
00001f45  DL_Timer_initCaptureTriggerMode      
00001fa5  uart_send_cmd                        
00002005  frexp                                
00002005  frexpl                               
00002061  __TI_ltoa                            
00002111  __aeabi_idiv                         
00002111  __aeabi_idivmod                      
000021b9  SYSCFG_DL_CAPTURE_0_init             
00002209  DL_DMA_initChannel                   
00002255  __aeabi_d2iz                         
00002255  __fixdfsi                            
000022a1  DL_UART_init                         
000022e9  DL_SYSCTL_switchMCLKfromSYSOSCtoHSCLK
0000232d  SYSCFG_DL_TIMER_0_init               
00002371  main                                 
000023b5  DL_ADC12_setClockConfig              
000023f5  __aeabi_uidiv                        
000023f5  __aeabi_uidivmod                     
00002435  atoi                                 
00002475  vsnprintf                            
000024b5  __TI_auto_init_nobinit_nopinit       
000024f1  __muldsi3                            
0000252d  SYSCFG_DL_init                       
00002565  UART0_IRQHandler                     
000025f5  VCA810_Init                          
00002621  VCA810_SetVoltage_mV                 
0000264d  __aeabi_i2d                          
0000264d  __floatsidf                          
00002679  SYSCFG_DL_DMA_CH0_init               
000026a1  _c_int00_noargs                      
000026c9  SYSCFG_DL_DAC12_init                 
000026ed  SYSCFG_DL_GPIO_init                  
00002711  __aeabi_lmul                         
00002711  __muldi3                             
00002735  memccpy                              
00002759  SYSCFG_DL_DMA_CH1_init               
00002779  __aeabi_llsl                         
00002779  __ashldi3                            
00002799  DL_SYSCTL_configFCC                  
000027b5  DL_Timer_setClockConfig              
000027e9  __TI_zero_init_nomemset              
00002801  __aeabi_uldivmod                     
00002829  DL_UART_setClockConfig               
0000283b  __TI_decompress_none                 
0000284d  wcslen                               
0000285d  __aeabi_memset                       
0000285d  __aeabi_memset4                      
0000285d  __aeabi_memset8                      
00002879  SYSCFG_DL_DMA_init                   
00002885  DL_Common_delayCycles                
000028b5  __aeabi_errno_addr                   
000028bd  __aeabi_memcpy                       
000028bd  __aeabi_memcpy4                      
000028bd  __aeabi_memcpy8                      
000028c5  abort                                
000028ca  C$$EXIT                              
000028cb  HOSTexit                             
000028cf  Reset_Handler                        
000028d3  _system_pre_init                     
000028e0  __aeabi_ctype_table_                 
000028e0  __aeabi_ctype_table_C                
00002ae0  __TI_Handler_Table_Base              
00002aec  __TI_Handler_Table_Limit             
00002b00  __TI_CINIT_Base                      
00002b10  __TI_CINIT_Limit                     
00002b10  __TI_CINIT_Warm                      
20200000  __start___llvm_prf_bits              
20200000  __start___llvm_prf_cnts              
20200000  __stop___llvm_prf_bits               
20200000  __stop___llvm_prf_cnts               
20200000  gCAPTURE_0Backup                     
202000bc  uart_send_buff                       
20200120  __aeabi_errno                        
20200128  uart_tx_complete_flag                
20200129  uart_tx_dma_complete_flag            
20207e00  __stack                              
20208000  __STACK_END                          
ffffffff  __TI_pprof_out_hndl                  
ffffffff  __TI_prof_data_size                  
ffffffff  __TI_prof_data_start                 
ffffffff  __binit__                            
ffffffff  binit                                
UNDEFED   __mpu_init                           
UNDEFED   _system_post_cinit                   

[166 symbols]
