******************************************************************************
            TI ARM Clang Linker PC v4.0.4                      
******************************************************************************
>> Linked Sun Jan 18 18:21:29 2026

OUTPUT FILE NAME:   <Winter_Camp_Training_Project1.out>
ENTRY POINT SYMBOL: "_c_int00_noargs"  address: 00000a49


MEMORY CONFIGURATION

         name            origin    length      used     unused   attr    fill
----------------------  --------  ---------  --------  --------  ----  --------
  FLASH                 00000000   00020000  00000c30  0001f3d0  R  X
  SRAM                  20200000   00008000  000002c0  00007d40  RW X
  BCR_CONFIG            41c00000   000000ff  00000000  000000ff  R   
  BSL_CONFIG            41c00100   00000080  00000000  00000080  R   


SEGMENT ALLOCATION MAP

run origin  load origin   length   init length attrs members
----------  ----------- ---------- ----------- ----- -------
00000000    00000000    00000c30   00000c30    r-x
  00000000    00000000    000000c0   000000c0    r-- .intvecs
  000000c0    000000c0    00000aa0   00000aa0    r-x .text
  00000b60    00000b60    000000a0   000000a0    r-- .rodata
  00000c00    00000c00    00000030   00000030    r-- .cinit
20200000    20200000    000000c0   00000000    rw-
  20200000    20200000    000000bc   00000000    rw- .bss
  202000bc    202000bc    00000004   00000000    rw- .data
20207e00    20207e00    00000200   00000000    rw-
  20207e00    20207e00    00000200   00000000    rw- .stack


SECTION ALLOCATION MAP

 output                                  attributes/
section   page    origin      length       input sections
--------  ----  ----------  ----------   ----------------
.intvecs   0    00000000    000000c0     
                  00000000    000000c0     startup_mspm0g350x_ticlang.o (.intvecs)

.text      0    000000c0    00000aa0     
                  000000c0    000000fc     driverlib.a : dl_timer.o (.text.DL_Timer_initTimerMode)
                  000001bc    000000dc                 : dl_sysctl_mspm0g1x0x_g3x0x.o (.text.DL_SYSCTL_configSYSPLL)
                  00000298    000000b4     fun.o (.text.LED_Debug)
                  0000034c    000000a8     ti_msp_dl_config.o (.text.SYSCFG_DL_SYSCTL_init)
                  000003f4    0000009c     ti_msp_dl_config.o (.text.SYSCFG_DL_SYSCTL_SYSPLL_init)
                  00000490    0000009a     libc.a : memcpy16.S.obj (.text:memcpy)
                  0000052a    00000002     startup_mspm0g350x_ticlang.o (.text.Default_Handler)
                  0000052c    00000088     driverlib.a : dl_dac12.o (.text.DL_DAC12_init)
                  000005b4    0000007c     libc.a : copy_decompress_lzss.c.obj (.text:decompress:lzss)
                  00000630    00000070     ti_msp_dl_config.o (.text.SYSCFG_DL_ADC12_0_init)
                  000006a0    00000070     ti_msp_dl_config.o (.text.SYSCFG_DL_COMP_0_init)
                  00000710    00000060     driverlib.a : dl_timer.o (.text.DL_Timer_initCaptureTriggerMode)
                  00000770    00000060     ti_msp_dl_config.o (.text.SYSCFG_DL_initPower)
                  000007d0    00000050     ti_msp_dl_config.o (.text.SYSCFG_DL_CAPTURE_0_init)
                  00000820    0000004c     driverlib.a : dl_dma.o (.text.DL_DMA_initChannel)
                  0000086c    00000044                 : dl_sysctl_mspm0g1x0x_g3x0x.o (.text.DL_SYSCTL_switchMCLKfromSYSOSCtoHSCLK)
                  000008b0    00000044     ti_msp_dl_config.o (.text.SYSCFG_DL_TIMER_0_init)
                  000008f4    00000040     driverlib.a : dl_adc12.o (.text.DL_ADC12_setClockConfig)
                  00000934    00000040     libclang_rt.builtins.a : aeabi_uidivmod.S.obj (.text.__aeabi_uidivmod)
                  00000974    0000003c     libc.a : autoinit.c.obj (.text:__TI_auto_init_nobinit_nopinit)
                  000009b0    00000038     cmsis_dsp_empty.o (.text.main)
                  000009e8    00000034     ti_msp_dl_config.o (.text.SYSCFG_DL_init)
                  00000a1c    0000002c     VCA810.o (.text.VCA810_Init)
                  00000a48    00000028     libc.a : boot_cortex_m.c.obj (.text:_c_int00_noargs)
                  00000a70    00000024     ti_msp_dl_config.o (.text.SYSCFG_DL_DAC12_init)
                  00000a94    00000024     ti_msp_dl_config.o (.text.SYSCFG_DL_DMA_CH0_init)
                  00000ab8    0000001c     driverlib.a : dl_sysctl_mspm0g1x0x_g3x0x.o (.text.DL_SYSCTL_configFCC)
                  00000ad4    0000001c                 : dl_timer.o (.text.DL_Timer_setClockConfig)
                  00000af0    00000018     ti_msp_dl_config.o (.text.SYSCFG_DL_GPIO_init)
                  00000b08    00000016     libc.a : copy_zero_init.c.obj (.text:decompress:ZI:__TI_zero_init_nomemset)
                  00000b1e    00000012            : copy_decompress_none.c.obj (.text:decompress:none)
                  00000b30    0000000a     driverlib.a : dl_common.o (.text.DL_Common_delayCycles)
                  00000b3a    00000008     ti_msp_dl_config.o (.text.SYSCFG_DL_DMA_init)
                  00000b42    00000002     libclang_rt.builtins.a : aeabi_div0.c.obj (.text.__aeabi_idiv0)
                  00000b44    00000008                            : aeabi_memcpy.S.obj (.text.__aeabi_memcpy)
                  00000b4c    00000006     libc.a : exit.c.obj (.text:abort)
                  00000b52    00000004     libsysbm.a : hostexit.c.obj (.text.HOSTexit)
                  00000b56    00000004     startup_mspm0g350x_ticlang.o (.text.Reset_Handler)
                  00000b5a    00000004     libc.a : pre_init.c.obj (.text._system_pre_init)
                  00000b5e    00000002     --HOLE-- [fill = 0]

.cinit     0    00000c00    00000030     
                  00000c00    0000000c     (__TI_handler_table)
                  00000c0c    00000008     (.cinit..bss.load) [load image, compression = zero_init]
                  00000c14    00000008     (.cinit..data.load) [load image, compression = lzss]
                  00000c1c    00000010     (__TI_cinit_table)
                  00000c2c    00000004     --HOLE-- [fill = 0]

.rodata    0    00000b60    000000a0     
                  00000b60    00000028     ti_msp_dl_config.o (.rodata.gSYSPLLConfig)
                  00000b88    00000020     ti_msp_dl_config.o (.rodata.gDAC12Config)
                  00000ba8    00000018     ti_msp_dl_config.o (.rodata.gDMA_CH0Config)
                  00000bc0    00000014     ti_msp_dl_config.o (.rodata.gTIMER_0TimerConfig)
                  00000bd4    0000000c     driverlib.a : dl_timer.o (.rodata..Lswitch.table.DL_Timer_initCaptureTriggerMode)
                  00000be0    0000000c     ti_msp_dl_config.o (.rodata.gCAPTURE_0CaptureConfig)
                  00000bec    00000008     ti_msp_dl_config.o (.rodata.gADC12_0ClockConfig)
                  00000bf4    00000003     ti_msp_dl_config.o (.rodata.gCAPTURE_0ClockConfig)
                  00000bf7    00000003     ti_msp_dl_config.o (.rodata.gTIMER_0ClockConfig)
                  00000bfa    00000006     --HOLE-- [fill = 0]

.init_array 
*          0    00000000    00000000     UNINITIALIZED

.binit     0    00000000    00000000     

.bss       0    20200000    000000bc     UNINITIALIZED
                  20200000    000000bc     (.common:gCAPTURE_0Backup)

.data      0    202000bc    00000004     UNINITIALIZED
                  202000bc    00000004     VCA810.o (.data.s_current_factor)

.stack     0    20207e00    00000200     UNINITIALIZED
                  20207e00    00000004     libc.a : boot_cortex_m.c.obj (.stack)
                  20207e04    000001fc     --HOLE--

__llvm_prf_cnts 
*          0    20200000    00000000     UNINITIALIZED

__llvm_prf_bits 
*          0    20200000    00000000     UNINITIALIZED

MODULE SUMMARY

       Module                         code   ro data   rw data
       ------                         ----   -------   -------
    .\
       ti_msp_dl_config.o             948    142       188    
       startup_mspm0g350x_ticlang.o   6      192       0      
       cmsis_dsp_empty.o              56     0         0      
    +--+------------------------------+------+---------+---------+
       Total:                         1010   334       188    
                                                              
    .\driver\
       fun.o                          180    0         0      
       VCA810.o                       44     0         4      
    +--+------------------------------+------+---------+---------+
       Total:                         224    0         4      
                                                              
    D:/ti/mspm0_sdk_2_09_00_01/source/ti/driverlib/lib/ticlang/m0p/mspm0g1x0x_g3x0x/driverlib.a
       dl_timer.o                     376    12        0      
       dl_sysctl_mspm0g1x0x_g3x0x.o   316    0         0      
       dl_dac12.o                     136    0         0      
       dl_dma.o                       76     0         0      
       dl_adc12.o                     64     0         0      
       dl_common.o                    10     0         0      
    +--+------------------------------+------+---------+---------+
       Total:                         978    12        0      
                                                              
    D:\ti\ccs2040\ccs\tools\compiler\ti-cgt-armllvm_4.0.4.LTS\lib\armv6m-ti-none-eabi/c/libc.a
       memcpy16.S.obj                 154    0         0      
       copy_decompress_lzss.c.obj     124    0         0      
       autoinit.c.obj                 60     0         0      
       boot_cortex_m.c.obj            40     0         0      
       copy_zero_init.c.obj           22     0         0      
       copy_decompress_none.c.obj     18     0         0      
       exit.c.obj                     6      0         0      
       pre_init.c.obj                 4      0         0      
    +--+------------------------------+------+---------+---------+
       Total:                         428    0         0      
                                                              
    D:\ti\ccs2040\ccs\tools\compiler\ti-cgt-armllvm_4.0.4.LTS\lib\armv6m-ti-none-eabi/c/libsysbm.a
       hostexit.c.obj                 4      0         0      
    +--+------------------------------+------+---------+---------+
       Total:                         4      0         0      
                                                              
    D:\ti\ccs2040\ccs\tools\compiler\ti-cgt-armllvm_4.0.4.LTS\lib\armv6m-ti-none-eabi/libclang_rt.builtins.a
       aeabi_uidivmod.S.obj           64     0         0      
       aeabi_memcpy.S.obj             8      0         0      
       aeabi_div0.c.obj               2      0         0      
    +--+------------------------------+------+---------+---------+
       Total:                         74     0         0      
                                                              
       Stack:                         0      0         512    
       Linker Generated:              0      44        0      
    +--+------------------------------+------+---------+---------+
       Grand Total:                   2718   390       704    


LINKER GENERATED COPY TABLES

__TI_cinit_table @ 00000c1c records: 2, size/record: 8, table size: 16
	.bss: load addr=00000c0c, load size=00000008 bytes, run addr=20200000, run size=000000bc bytes, compression=zero_init
	.data: load addr=00000c14, load size=00000008 bytes, run addr=202000bc, run size=00000004 bytes, compression=lzss


LINKER GENERATED HANDLER TABLE

__TI_handler_table @ 00000c00 records: 3, size/record: 4, table size: 12
	index: 0, handler: __TI_decompress_lzss
	index: 1, handler: __TI_decompress_none
	index: 2, handler: __TI_zero_init


GLOBAL SYMBOLS: SORTED ALPHABETICALLY BY Name 

address   name                                 
-------   ----                                 
0000052b  ADC0_IRQHandler                      
0000052b  ADC1_IRQHandler                      
0000052b  AES_IRQHandler                       
00000b52  C$$EXIT                              
0000052b  CANFD0_IRQHandler                    
0000052b  DAC0_IRQHandler                      
000008f5  DL_ADC12_setClockConfig              
00000b31  DL_Common_delayCycles                
0000052d  DL_DAC12_init                        
00000821  DL_DMA_initChannel                   
00000ab9  DL_SYSCTL_configFCC                  
000001bd  DL_SYSCTL_configSYSPLL               
0000086d  DL_SYSCTL_switchMCLKfromSYSOSCtoHSCLK
00000711  DL_Timer_initCaptureTriggerMode      
000000c1  DL_Timer_initTimerMode               
00000ad5  DL_Timer_setClockConfig              
0000052b  DMA_IRQHandler                       
0000052b  Default_Handler                      
0000052b  GROUP0_IRQHandler                    
0000052b  GROUP1_IRQHandler                    
00000b53  HOSTexit                             
0000052b  HardFault_Handler                    
0000052b  I2C0_IRQHandler                      
0000052b  I2C1_IRQHandler                      
00000299  LED_Debug                            
0000052b  NMI_Handler                          
0000052b  PendSV_Handler                       
0000052b  RTC_IRQHandler                       
00000b57  Reset_Handler                        
0000052b  SPI0_IRQHandler                      
0000052b  SPI1_IRQHandler                      
0000052b  SVC_Handler                          
00000631  SYSCFG_DL_ADC12_0_init               
000007d1  SYSCFG_DL_CAPTURE_0_init             
000006a1  SYSCFG_DL_COMP_0_init                
00000a71  SYSCFG_DL_DAC12_init                 
00000a95  SYSCFG_DL_DMA_CH0_init               
00000b3b  SYSCFG_DL_DMA_init                   
00000af1  SYSCFG_DL_GPIO_init                  
000003f5  SYSCFG_DL_SYSCTL_SYSPLL_init         
0000034d  SYSCFG_DL_SYSCTL_init                
000008b1  SYSCFG_DL_TIMER_0_init               
000009e9  SYSCFG_DL_init                       
00000771  SYSCFG_DL_initPower                  
0000052b  SysTick_Handler                      
0000052b  TIMA0_IRQHandler                     
0000052b  TIMA1_IRQHandler                     
0000052b  TIMG0_IRQHandler                     
0000052b  TIMG12_IRQHandler                    
0000052b  TIMG6_IRQHandler                     
0000052b  TIMG7_IRQHandler                     
0000052b  TIMG8_IRQHandler                     
0000052b  UART0_IRQHandler                     
0000052b  UART1_IRQHandler                     
0000052b  UART2_IRQHandler                     
0000052b  UART3_IRQHandler                     
00000a1d  VCA810_Init                          
20208000  __STACK_END                          
00000200  __STACK_SIZE                         
00000000  __TI_ATRegion0_region_sz             
00000000  __TI_ATRegion0_src_addr              
00000000  __TI_ATRegion0_trg_addr              
00000000  __TI_ATRegion1_region_sz             
00000000  __TI_ATRegion1_src_addr              
00000000  __TI_ATRegion1_trg_addr              
00000000  __TI_ATRegion2_region_sz             
00000000  __TI_ATRegion2_src_addr              
00000000  __TI_ATRegion2_trg_addr              
00000c1c  __TI_CINIT_Base                      
00000c2c  __TI_CINIT_Limit                     
00000c2c  __TI_CINIT_Warm                      
00000c00  __TI_Handler_Table_Base              
00000c0c  __TI_Handler_Table_Limit             
00000975  __TI_auto_init_nobinit_nopinit       
000005b5  __TI_decompress_lzss                 
00000b1f  __TI_decompress_none                 
ffffffff  __TI_pprof_out_hndl                  
ffffffff  __TI_prof_data_size                  
ffffffff  __TI_prof_data_start                 
00000000  __TI_static_base__                   
00000b09  __TI_zero_init_nomemset              
00000b43  __aeabi_idiv0                        
00000b45  __aeabi_memcpy                       
00000b45  __aeabi_memcpy4                      
00000b45  __aeabi_memcpy8                      
00000935  __aeabi_uidiv                        
00000935  __aeabi_uidivmod                     
ffffffff  __binit__                            
UNDEFED   __mpu_init                           
20207e00  __stack                              
20200000  __start___llvm_prf_bits              
20200000  __start___llvm_prf_cnts              
20200000  __stop___llvm_prf_bits               
20200000  __stop___llvm_prf_cnts               
00000a49  _c_int00_noargs                      
UNDEFED   _system_post_cinit                   
00000b5b  _system_pre_init                     
00000b4d  abort                                
ffffffff  binit                                
20200000  gCAPTURE_0Backup                     
00000000  interruptVectors                     
000009b1  main                                 
00000491  memcpy                               


GLOBAL SYMBOLS: SORTED BY Symbol Address 

address   name                                 
-------   ----                                 
00000000  __TI_ATRegion0_region_sz             
00000000  __TI_ATRegion0_src_addr              
00000000  __TI_ATRegion0_trg_addr              
00000000  __TI_ATRegion1_region_sz             
00000000  __TI_ATRegion1_src_addr              
00000000  __TI_ATRegion1_trg_addr              
00000000  __TI_ATRegion2_region_sz             
00000000  __TI_ATRegion2_src_addr              
00000000  __TI_ATRegion2_trg_addr              
00000000  __TI_static_base__                   
00000000  interruptVectors                     
000000c1  DL_Timer_initTimerMode               
000001bd  DL_SYSCTL_configSYSPLL               
00000200  __STACK_SIZE                         
00000299  LED_Debug                            
0000034d  SYSCFG_DL_SYSCTL_init                
000003f5  SYSCFG_DL_SYSCTL_SYSPLL_init         
00000491  memcpy                               
0000052b  ADC0_IRQHandler                      
0000052b  ADC1_IRQHandler                      
0000052b  AES_IRQHandler                       
0000052b  CANFD0_IRQHandler                    
0000052b  DAC0_IRQHandler                      
0000052b  DMA_IRQHandler                       
0000052b  Default_Handler                      
0000052b  GROUP0_IRQHandler                    
0000052b  GROUP1_IRQHandler                    
0000052b  HardFault_Handler                    
0000052b  I2C0_IRQHandler                      
0000052b  I2C1_IRQHandler                      
0000052b  NMI_Handler                          
0000052b  PendSV_Handler                       
0000052b  RTC_IRQHandler                       
0000052b  SPI0_IRQHandler                      
0000052b  SPI1_IRQHandler                      
0000052b  SVC_Handler                          
0000052b  SysTick_Handler                      
0000052b  TIMA0_IRQHandler                     
0000052b  TIMA1_IRQHandler                     
0000052b  TIMG0_IRQHandler                     
0000052b  TIMG12_IRQHandler                    
0000052b  TIMG6_IRQHandler                     
0000052b  TIMG7_IRQHandler                     
0000052b  TIMG8_IRQHandler                     
0000052b  UART0_IRQHandler                     
0000052b  UART1_IRQHandler                     
0000052b  UART2_IRQHandler                     
0000052b  UART3_IRQHandler                     
0000052d  DL_DAC12_init                        
000005b5  __TI_decompress_lzss                 
00000631  SYSCFG_DL_ADC12_0_init               
000006a1  SYSCFG_DL_COMP_0_init                
00000711  DL_Timer_initCaptureTriggerMode      
00000771  SYSCFG_DL_initPower                  
000007d1  SYSCFG_DL_CAPTURE_0_init             
00000821  DL_DMA_initChannel                   
0000086d  DL_SYSCTL_switchMCLKfromSYSOSCtoHSCLK
000008b1  SYSCFG_DL_TIMER_0_init               
000008f5  DL_ADC12_setClockConfig              
00000935  __aeabi_uidiv                        
00000935  __aeabi_uidivmod                     
00000975  __TI_auto_init_nobinit_nopinit       
000009b1  main                                 
000009e9  SYSCFG_DL_init                       
00000a1d  VCA810_Init                          
00000a49  _c_int00_noargs                      
00000a71  SYSCFG_DL_DAC12_init                 
00000a95  SYSCFG_DL_DMA_CH0_init               
00000ab9  DL_SYSCTL_configFCC                  
00000ad5  DL_Timer_setClockConfig              
00000af1  SYSCFG_DL_GPIO_init                  
00000b09  __TI_zero_init_nomemset              
00000b1f  __TI_decompress_none                 
00000b31  DL_Common_delayCycles                
00000b3b  SYSCFG_DL_DMA_init                   
00000b43  __aeabi_idiv0                        
00000b45  __aeabi_memcpy                       
00000b45  __aeabi_memcpy4                      
00000b45  __aeabi_memcpy8                      
00000b4d  abort                                
00000b52  C$$EXIT                              
00000b53  HOSTexit                             
00000b57  Reset_Handler                        
00000b5b  _system_pre_init                     
00000c00  __TI_Handler_Table_Base              
00000c0c  __TI_Handler_Table_Limit             
00000c1c  __TI_CINIT_Base                      
00000c2c  __TI_CINIT_Limit                     
00000c2c  __TI_CINIT_Warm                      
20200000  __start___llvm_prf_bits              
20200000  __start___llvm_prf_cnts              
20200000  __stop___llvm_prf_bits               
20200000  __stop___llvm_prf_cnts               
20200000  gCAPTURE_0Backup                     
20207e00  __stack                              
20208000  __STACK_END                          
ffffffff  __TI_pprof_out_hndl                  
ffffffff  __TI_prof_data_size                  
ffffffff  __TI_prof_data_start                 
ffffffff  __binit__                            
ffffffff  binit                                
UNDEFED   __mpu_init                           
UNDEFED   _system_post_cinit                   

[103 symbols]
